// Jest Snapshot v1, https://goo.gl/fbAQLP

exports[`Matchers toExistAndMatchSnapshot should print values when user exists 1`] = `
Object {
  "Enabled": true,
  "UserAttributes": ArrayContaining [
    Object {
      "Name": "email",
      "Value": Any<String>,
    },
  ],
  "UserCreateDate": Any<Date>,
  "UserLastModifiedDate": Any<Date>,
  "UserStatus": "CONFIRMED",
  "Username": Any<String>,
}
`;
